#
# There is insufficient memory for the Java Runtime Environment to continue.
# Native memory allocation (mmap) failed to map 58720256 bytes for G1 virtual space
# Possible reasons:
#   The system is out of physical RAM or swap space
#   The process is running with CompressedOops enabled, and the Java Heap may be blocking the growth of the native heap
# Possible solutions:
#   Reduce memory load on the system
#   Increase physical memory or swap space
#   Check if swap backing store is full
#   Decrease Java heap size (-Xmx/-Xms)
#   Decrease number of Java threads
#   Decrease Java thread stack sizes (-Xss)
#   Set larger code cache with -XX:ReservedCodeCacheSize=
#   JVM is running with Unscaled Compressed Oops mode in which the Java heap is
#     placed in the first 4GB address space. The Java Heap base address is the
#     maximum limit for the native heap growth. Please use -XX:HeapBaseMinAddress
#     to set the Java Heap base and to place the Java Heap above 4GB virtual address.
# This output file may be truncated or incomplete.
#
#  Out of Memory Error (os_windows.cpp:3527), pid=18440, tid=3464
#
# JRE version:  (19.0.1+10) (build )
# Java VM: Java HotSpot(TM) 64-Bit Server VM (19.0.1+10-21, mixed mode, sharing, tiered, compressed oops, compressed class ptrs, g1 gc, windows-amd64)
# No core dump will be written. Minidumps are not enabled by default on client versions of Windows
#

---------------  S U M M A R Y ------------

Command Line: com.mycompany.prog6112poe.Prog6112POE

Host: AMD Ryzen 3 3200U with Radeon Vega Mobile Gfx  , 4 cores, 3G,  Windows 11 , 64 bit Build 22621 (10.0.22621.5415)
Time: Tue Sep  2 20:22:37 2025 South Africa Standard Time elapsed time: 0.397219 seconds (0d 0h 0m 0s)

---------------  T H R E A D  ---------------

Current thread (0x00000219563b6a30):  JavaThread "Unknown thread" [_thread_in_vm, id=3464, stack(0x000000ba89c00000,0x000000ba89d00000)]

Stack: [0x000000ba89c00000,0x000000ba89d00000]
Native frames: (J=compiled Java code, j=interpreted, Vv=VM code, C=native code)
V  [jvm.dll+0x6ee8fa]
V  [jvm.dll+0x857a1e]
V  [jvm.dll+0x85940e]
V  [jvm.dll+0x859ac3]
V  [jvm.dll+0x28291f]
V  [jvm.dll+0x6eb6e9]
V  [jvm.dll+0x6e028a]
V  [jvm.dll+0x357136]
V  [jvm.dll+0x35eb96]
V  [jvm.dll+0x3b555e]
V  [jvm.dll+0x3b578f]
V  [jvm.dll+0x32c6ea]
V  [jvm.dll+0x32d59e]
V  [jvm.dll+0x821b20]
V  [jvm.dll+0x3c27c1]
V  [jvm.dll+0x8022f1]
V  [jvm.dll+0x44b30f]
V  [jvm.dll+0x44cc91]
C  [jli.dll+0x5287]
C  [ucrtbase.dll+0x29333]
C  [KERNEL32.DLL+0x1259d]
C  [ntdll.dll+0x5af78]


---------------  P R O C E S S  ---------------

Threads class SMR info:
_java_thread_list=0x00007ff8e013d048, length=0, elements={
}

Java Threads: ( => current thread )

Other Threads:
  0x00000219563f34f0 WorkerThread "GC Thread#0" [stack: 0x000000ba89d00000,0x000000ba89e00000] [id=16468]
  0x00000219563fb440 ConcurrentGCThread "G1 Main Marker" [stack: 0x000000ba89e00000,0x000000ba89f00000] [id=19328]
  0x00000219563fc610 WorkerThread "G1 Conc#0" [stack: 0x000000ba89f00000,0x000000ba8a000000] [id=18700]

[error occurred during error reporting (printing all threads), id 0xc0000005, EXCEPTION_ACCESS_VIOLATION (0xc0000005) at pc=0x00007ff8df8fd127]

VM state: not at safepoint (not fully initialized)

VM Mutex/Monitor currently owned by a thread:  ([mutex/lock_event])
[0x00000219563b1c70] Heap_lock - owner thread: 0x00000219563b6a30

Heap address: 0x00000000c9400000, size: 876 MB, Compressed Oops mode: 32-bit

CDS archive(s) mapped at: [0x0000000000000000-0x0000000000000000-0x0000000000000000), size 0, SharedBaseAddress: 0x0000000800000000, ArchiveRelocationMode: 0.
Narrow klass base: 0x0000000000000000, Narrow klass shift: 0, Narrow klass range: 0x0

GC Precious Log:
 CardTable entry size: 512
 Card Set container configuration: InlinePtr #cards 5 size 8 Array Of Cards #cards 12 size 40 Howl #buckets 4 coarsen threshold 1843 Howl Bitmap #cards 512 size 80 coarsen threshold 460 Card regions per heap region 1 cards per card region 2048

Heap:
 garbage-first heap   total 0K, used 0K [0x00000000c9400000, 0x0000000100000000)
  region size 1024K, 0 young (0K), 0 survivors (0K)

[error occurred during error reporting (printing heap information), id 0xc0000005, EXCEPTION_ACCESS_VIOLATION (0xc0000005) at pc=0x00007ff8dfd06959]

GC Heap History (0 events):
No events

Dll operation events (1 events):
Event: 0.206 Loaded shared library C:\Program Files\Java\jdk-19\bin\java.dll

Deoptimization events (0 events):
No events

Classes loaded (0 events):
No events

Classes unloaded (0 events):
No events

Classes redefined (0 events):
No events

Internal exceptions (0 events):
No events

VM Operations (0 events):
No events

Events (0 events):
No events


Dynamic libraries:
0x00007ff694b10000 - 0x00007ff694b20000 	C:\Program Files\Java\jdk-19\bin\java.exe
0x00007ff94a870000 - 0x00007ff94aa87000 	C:\WINDOWS\SYSTEM32\ntdll.dll
0x00007ff90b5b0000 - 0x00007ff90b5d0000 	C:\Program Files\Avast Software\Avast\aswhook.dll
0x00007ff94a1f0000 - 0x00007ff94a2b4000 	C:\WINDOWS\System32\KERNEL32.DLL
0x00007ff947930000 - 0x00007ff947d02000 	C:\WINDOWS\System32\KERNELBASE.dll
0x00007ff948040000 - 0x00007ff948151000 	C:\WINDOWS\System32\ucrtbase.dll
0x00007ff93aad0000 - 0x00007ff93aae8000 	C:\Program Files\Java\jdk-19\bin\jli.dll
0x00007ff949a10000 - 0x00007ff949ac1000 	C:\WINDOWS\System32\ADVAPI32.dll
0x00007ff9491b0000 - 0x00007ff949257000 	C:\WINDOWS\System32\msvcrt.dll
0x00007ff948840000 - 0x00007ff9488e8000 	C:\WINDOWS\System32\sechost.dll
0x00007ff9484a0000 - 0x00007ff9484c8000 	C:\WINDOWS\System32\bcrypt.dll
0x00007ff92e6c0000 - 0x00007ff92e6db000 	C:\Program Files\Java\jdk-19\bin\VCRUNTIME140.dll
0x00007ff94a660000 - 0x00007ff94a774000 	C:\WINDOWS\System32\RPCRT4.dll
0x00007ff949840000 - 0x00007ff9499f1000 	C:\WINDOWS\System32\USER32.dll
0x00007ff947e50000 - 0x00007ff947e76000 	C:\WINDOWS\System32\win32u.dll
0x00007ff9484d0000 - 0x00007ff9484f9000 	C:\WINDOWS\System32\GDI32.dll
0x00007ff948160000 - 0x00007ff948283000 	C:\WINDOWS\System32\gdi32full.dll
0x00007ff948290000 - 0x00007ff94832a000 	C:\WINDOWS\System32\msvcp_win.dll
0x00007ff946be0000 - 0x00007ff946e7b000 	C:\WINDOWS\WinSxS\amd64_microsoft.windows.common-controls_6595b64144ccf1df_6.0.22621.5547_none_27104afb73855772\COMCTL32.dll
0x00007ff944260000 - 0x00007ff94426a000 	C:\WINDOWS\SYSTEM32\VERSION.dll
0x00007ff948800000 - 0x00007ff948831000 	C:\WINDOWS\System32\IMM32.DLL
0x00007ff93dae0000 - 0x00007ff93daec000 	C:\Program Files\Java\jdk-19\bin\vcruntime140_1.dll
0x00007ff8e4fb0000 - 0x00007ff8e503e000 	C:\Program Files\Java\jdk-19\bin\msvcp140.dll
0x00007ff8df5c0000 - 0x00007ff8e0280000 	C:\Program Files\Java\jdk-19\bin\server\jvm.dll
0x00007ff92beb0000 - 0x00007ff92beb9000 	C:\WINDOWS\SYSTEM32\WSOCK32.dll
0x00007ff942a60000 - 0x00007ff942a94000 	C:\WINDOWS\SYSTEM32\WINMM.dll
0x00007ff94a010000 - 0x00007ff94a081000 	C:\WINDOWS\System32\WS2_32.dll
0x00007ff945a40000 - 0x00007ff945a58000 	C:\WINDOWS\SYSTEM32\kernel.appcore.dll
0x00007ff93a6d0000 - 0x00007ff93a6da000 	C:\Program Files\Java\jdk-19\bin\jimage.dll
0x00007ff9471a0000 - 0x00007ff9473d3000 	C:\WINDOWS\SYSTEM32\DBGHELP.DLL
0x00007ff94a2c0000 - 0x00007ff94a653000 	C:\WINDOWS\System32\combase.dll
0x00007ff949b40000 - 0x00007ff949c17000 	C:\WINDOWS\System32\OLEAUT32.dll
0x00007ff947070000 - 0x00007ff9470a2000 	C:\WINDOWS\SYSTEM32\dbgcore.DLL
0x00007ff947f00000 - 0x00007ff947f7b000 	C:\WINDOWS\System32\bcryptPrimitives.dll
0x00007ff906660000 - 0x00007ff906686000 	C:\Program Files\Java\jdk-19\bin\java.dll

dbghelp: loaded successfully - version: 4.0.5 - missing functions: none
symbol engine: initialized successfully - sym options: 0x614 - pdb path: .;C:\Program Files\Java\jdk-19\bin;C:\WINDOWS\SYSTEM32;C:\Program Files\Avast Software\Avast;C:\WINDOWS\WinSxS\amd64_microsoft.windows.common-controls_6595b64144ccf1df_6.0.22621.5547_none_27104afb73855772;C:\Program Files\Java\jdk-19\bin\server

VM Arguments:
java_command: com.mycompany.prog6112poe.Prog6112POE
java_class_path (initial): C:\Users\Siyanda\Documents\NetBeansProjects\Prog6112POE\target\classes
Launcher Type: SUN_STANDARD

[Global flags]
     intx CICompilerCount                          = 3                                         {product} {ergonomic}
     uint ConcGCThreads                            = 1                                         {product} {ergonomic}
     uint G1ConcRefinementThreads                  = 4                                         {product} {ergonomic}
   size_t G1HeapRegionSize                         = 1048576                                   {product} {ergonomic}
    uintx GCDrainStackTargetSize                   = 64                                        {product} {ergonomic}
   size_t InitialHeapSize                          = 58720256                                  {product} {ergonomic}
   size_t MarkStackSize                            = 4194304                                   {product} {ergonomic}
   size_t MaxHeapSize                              = 918552576                                 {product} {ergonomic}
   size_t MinHeapDeltaBytes                        = 1048576                                   {product} {ergonomic}
   size_t MinHeapSize                              = 8388608                                   {product} {ergonomic}
    uintx NonNMethodCodeHeapSize                   = 5832780                                {pd product} {ergonomic}
    uintx NonProfiledCodeHeapSize                  = 122912730                              {pd product} {ergonomic}
    uintx ProfiledCodeHeapSize                     = 122912730                              {pd product} {ergonomic}
    uintx ReservedCodeCacheSize                    = 251658240                              {pd product} {ergonomic}
     bool SegmentedCodeCache                       = true                                      {product} {ergonomic}
   size_t SoftMaxHeapSize                          = 918552576                              {manageable} {ergonomic}
     bool UseCompressedClassPointers               = true                           {product lp64_product} {ergonomic}
     bool UseCompressedOops                        = true                           {product lp64_product} {ergonomic}
     bool UseG1GC                                  = true                                      {product} {ergonomic}
     bool UseLargePagesIndividualAllocation        = false                                  {pd product} {ergonomic}

Logging:
Log output configuration:
 #0: stdout all=warning uptime,level,tags foldmultilines=false
 #1: stderr all=off uptime,level,tags foldmultilines=false

Environment Variables:
JAVA_HOME=C:\Program Files\Java\jdk-19
PATH=C:\Program Files\Python312\Scripts\;C:\Program Files\Python312\;C:\Program Files\Microsoft\jdk-11.0.16.101-hotspot\bin;C:\Program Files\Common Files\Oracle\Java\javapath;C:\WINDOWS\system32;C:\WINDOWS;C:\WINDOWS\System32\Wbem;C:\WINDOWS\System32\WindowsPowerShell\v1.0\;C:\WINDOWS\System32\OpenSSH\;C:\Program Files (x86)\Microsoft SQL Server\160\DTS\Binn\;C:\Program Files\Azure Data Studio\bin;C:\Program Files\Microsoft SQL Server\Client SDK\ODBC\170\Tools\Binn\;C:\Program Files (x86)\Microsoft SQL Server\150\Tools\Binn\;C:\Program Files\Microsoft SQL Server\150\Tools\Binn\;C:\Program Files\Microsoft SQL Server\150\DTS\Binn\;C:\Program Files (x86)\Microsoft SQL Server\150\DTS\Binn\;C:\Program Files\Java\jdk-19\bin;C:\Program Files\dotnet\;C:\Program Files\HP\HP One Agent;C:\Users\Siyanda\AppData\Local\Programs\Python\Python36-32\Scripts\;C:\Users\Siyanda\AppData\Local\Programs\Python\Python36-32\;C:\Users\Siyanda\AppData\Local\Microsoft\WindowsApps;C:\Users\Siyanda\.dotnet\tools;C:\Users\Siyanda\AppData\Local\Programs\Microsoft VS Code\bin
USERNAME=Siyanda
OS=Windows_NT
PROCESSOR_IDENTIFIER=AMD64 Family 23 Model 24 Stepping 1, AuthenticAMD
TMP=C:\Users\Siyanda\AppData\Local\Temp
TEMP=C:\Users\Siyanda\AppData\Local\Temp



---------------  S Y S T E M  ---------------

OS:
 Windows 11 , 64 bit Build 22621 (10.0.22621.5415)
OS uptime: 1 days 0:08 hours

CPU: total 4 (initial active 4) (4 cores per cpu, 2 threads per core) family 23 model 24 stepping 1 microcode 0x0, cx8, cmov, fxsr, ht, mmx, 3dnowpref, sse, sse2, sse3, ssse3, sse4a, sse4.1, sse4.2, popcnt, lzcnt, tsc, tscinvbit, avx, avx2, aes, clmul, bmi1, bmi2, adx, sha, fma, vzeroupper, clflush, clflushopt, rdtscp

Memory: 4k page, system-wide physical 3498M (151M free)
TotalPageFile size 14250M (AvailPageFile size 11M)
current process WorkingSet (physical memory assigned to process): 11M, peak: 11M
current process commit charge ("private bytes"): 52M, peak: 108M

vm_info: Java HotSpot(TM) 64-Bit Server VM (19.0.1+10-21) for windows-amd64 JRE (19.0.1+10-21), built on 2022-09-14T12:45:06Z by "mach5one" with MS VC++ 17.1 (VS2022)

END.
